Archive member included to satisfy reference by file (symbol)

/usr/lib/gcc/riscv64-unknown-elf/13.2.0/rv32imac/ilp32/libgcc.a(_divdi3.o)
                              /tmp/cc8VBaGt.ltrans0.ltrans.o (__divdi3)
/usr/lib/gcc/riscv64-unknown-elf/13.2.0/rv32imac/ilp32/libgcc.a(_udivdi3.o)
                              /tmp/cc8VBaGt.ltrans0.ltrans.o (__udivdi3)
/usr/lib/gcc/riscv64-unknown-elf/13.2.0/rv32imac/ilp32/libgcc.a(_clz.o)
                              /usr/lib/gcc/riscv64-unknown-elf/13.2.0/rv32imac/ilp32/libgcc.a(_divdi3.o) (__clz_tab)

Discarded input sections

 .text          0x00000000        0x0 /tmp/cc8VBaGt.ltrans0.ltrans.o
 .data          0x00000000        0x0 /tmp/cc8VBaGt.ltrans0.ltrans.o
 .bss           0x00000000        0x0 /tmp/cc8VBaGt.ltrans0.ltrans.o
 .text.mini_pad
                0x00000000       0x88 /tmp/cc8VBaGt.ltrans0.ltrans.o
 .text._puts    0x00000000       0x42 /tmp/cc8VBaGt.ltrans0.ltrans.o
 .text.mini_itoa.part.0
                0x00000000       0x90 /tmp/cc8VBaGt.ltrans0.ltrans.o
 .text.__puts_uart
                0x00000000       0x20 /tmp/cc8VBaGt.ltrans0.ltrans.o
 .text.strlen   0x00000000       0x12 /tmp/cc8VBaGt.ltrans0.ltrans.o
 .text.mini_vpprintf
                0x00000000      0x1da /tmp/cc8VBaGt.ltrans0.ltrans.o
 .text.printf   0x00000000       0x30 /tmp/cc8VBaGt.ltrans0.ltrans.o
 .text.vprintf  0x00000000       0x16 /tmp/cc8VBaGt.ltrans0.ltrans.o
 .text.mini_vsnprintf
                0x00000000       0x3a /tmp/cc8VBaGt.ltrans0.ltrans.o
 .text.snprintf
                0x00000000       0x20 /tmp/cc8VBaGt.ltrans0.ltrans.o
 .text.sprintf  0x00000000       0x2a /tmp/cc8VBaGt.ltrans0.ltrans.o
 .text.strcpy   0x00000000       0x14 /tmp/cc8VBaGt.ltrans0.ltrans.o
 .text.strncpy  0x00000000       0x1c /tmp/cc8VBaGt.ltrans0.ltrans.o
 .text.strcmp   0x00000000       0x1a /tmp/cc8VBaGt.ltrans0.ltrans.o
 .text.strncmp  0x00000000       0x2e /tmp/cc8VBaGt.ltrans0.ltrans.o
 .text.strchr   0x00000000       0x16 /tmp/cc8VBaGt.ltrans0.ltrans.o
 .text.strrchr  0x00000000       0x3c /tmp/cc8VBaGt.ltrans0.ltrans.o
 .text.memcmp   0x00000000       0x20 /tmp/cc8VBaGt.ltrans0.ltrans.o
 .text.memmove  0x00000000       0x5e /tmp/cc8VBaGt.ltrans0.ltrans.o
 .text.memchr   0x00000000       0x1a /tmp/cc8VBaGt.ltrans0.ltrans.o
 .text.strnlen  0x00000000       0x2a /tmp/cc8VBaGt.ltrans0.ltrans.o
 .text.twoway_strstr
                0x00000000      0x258 /tmp/cc8VBaGt.ltrans0.ltrans.o
 .text.strstr   0x00000000      0x12a /tmp/cc8VBaGt.ltrans0.ltrans.o
 .rodata.puts.str1.4
                0x00000000        0x2 /tmp/cc8VBaGt.ltrans0.ltrans.o
 .text.puts     0x00000000       0x40 /tmp/cc8VBaGt.ltrans0.ltrans.o
 .text.setjmp   0x00000000       0x38 /tmp/cc8VBaGt.ltrans0.ltrans.o
 .text.longjmp  0x00000000       0x3c /tmp/cc8VBaGt.ltrans0.ltrans.o
 .sbss.usb_debug
                0x00000000        0x1 /tmp/cc8VBaGt.ltrans0.ltrans.o
 .comment       0x00000000       0x24 /tmp/cc8VBaGt.ltrans0.ltrans.o
 .comment       0x00000000       0x24 /tmp/ccdXH6ZD.debug.temp.o
 .comment       0x00000000       0x24 /tmp/ccn4CDmV.debug.temp.o
 .text          0x00000000        0x0 /usr/lib/gcc/riscv64-unknown-elf/13.2.0/rv32imac/ilp32/libgcc.a(_divdi3.o)
 .data          0x00000000        0x0 /usr/lib/gcc/riscv64-unknown-elf/13.2.0/rv32imac/ilp32/libgcc.a(_divdi3.o)
 .bss           0x00000000        0x0 /usr/lib/gcc/riscv64-unknown-elf/13.2.0/rv32imac/ilp32/libgcc.a(_divdi3.o)
 .text.__divdi3
                0x00000000      0x39e /usr/lib/gcc/riscv64-unknown-elf/13.2.0/rv32imac/ilp32/libgcc.a(_divdi3.o)
 .debug_info    0x00000000      0x793 /usr/lib/gcc/riscv64-unknown-elf/13.2.0/rv32imac/ilp32/libgcc.a(_divdi3.o)
 .debug_abbrev  0x00000000      0x1bf /usr/lib/gcc/riscv64-unknown-elf/13.2.0/rv32imac/ilp32/libgcc.a(_divdi3.o)
 .debug_loclists
                0x00000000      0x5e4 /usr/lib/gcc/riscv64-unknown-elf/13.2.0/rv32imac/ilp32/libgcc.a(_divdi3.o)
 .debug_aranges
                0x00000000       0x20 /usr/lib/gcc/riscv64-unknown-elf/13.2.0/rv32imac/ilp32/libgcc.a(_divdi3.o)
 .debug_rnglists
                0x00000000       0xa9 /usr/lib/gcc/riscv64-unknown-elf/13.2.0/rv32imac/ilp32/libgcc.a(_divdi3.o)
 .debug_line    0x00000000      0x9ae /usr/lib/gcc/riscv64-unknown-elf/13.2.0/rv32imac/ilp32/libgcc.a(_divdi3.o)
 .debug_str     0x00000000      0x263 /usr/lib/gcc/riscv64-unknown-elf/13.2.0/rv32imac/ilp32/libgcc.a(_divdi3.o)
 .debug_line_str
                0x00000000      0x180 /usr/lib/gcc/riscv64-unknown-elf/13.2.0/rv32imac/ilp32/libgcc.a(_divdi3.o)
 .comment       0x00000000       0x24 /usr/lib/gcc/riscv64-unknown-elf/13.2.0/rv32imac/ilp32/libgcc.a(_divdi3.o)
 .eh_frame      0x00000000       0x28 /usr/lib/gcc/riscv64-unknown-elf/13.2.0/rv32imac/ilp32/libgcc.a(_divdi3.o)
 .riscv.attributes
                0x00000000       0x34 /usr/lib/gcc/riscv64-unknown-elf/13.2.0/rv32imac/ilp32/libgcc.a(_divdi3.o)
 .text          0x00000000        0x0 /usr/lib/gcc/riscv64-unknown-elf/13.2.0/rv32imac/ilp32/libgcc.a(_udivdi3.o)
 .data          0x00000000        0x0 /usr/lib/gcc/riscv64-unknown-elf/13.2.0/rv32imac/ilp32/libgcc.a(_udivdi3.o)
 .bss           0x00000000        0x0 /usr/lib/gcc/riscv64-unknown-elf/13.2.0/rv32imac/ilp32/libgcc.a(_udivdi3.o)
 .comment       0x00000000       0x24 /usr/lib/gcc/riscv64-unknown-elf/13.2.0/rv32imac/ilp32/libgcc.a(_udivdi3.o)
 .eh_frame      0x00000000       0x28 /usr/lib/gcc/riscv64-unknown-elf/13.2.0/rv32imac/ilp32/libgcc.a(_udivdi3.o)
 .text          0x00000000        0x0 /usr/lib/gcc/riscv64-unknown-elf/13.2.0/rv32imac/ilp32/libgcc.a(_clz.o)
 .data          0x00000000        0x0 /usr/lib/gcc/riscv64-unknown-elf/13.2.0/rv32imac/ilp32/libgcc.a(_clz.o)
 .bss           0x00000000        0x0 /usr/lib/gcc/riscv64-unknown-elf/13.2.0/rv32imac/ilp32/libgcc.a(_clz.o)
 .comment       0x00000000       0x24 /usr/lib/gcc/riscv64-unknown-elf/13.2.0/rv32imac/ilp32/libgcc.a(_clz.o)

Memory Configuration

Name             Origin             Length             Attributes
FLASH            0x00000000         0x00070000         xr
RAM              0x20000000         0x00020000         xrw
*default*        0x00000000         0xffffffff

Linker script and memory map

LOAD /tmp/ccT3edn5.o
LOAD /tmp/cc8VBaGt.ltrans0.ltrans.o
LOAD /tmp/ccdXH6ZD.debug.temp.o
LOAD /tmp/ccn4CDmV.debug.temp.o
LOAD /tmp/ccfa592N.o
LOAD /usr/lib/gcc/riscv64-unknown-elf/13.2.0/rv32imac/ilp32/libgcc.a

.init           0x00000000       0xa0
                0x00000000                        _sinit = .
                0x00000000                        . = ALIGN (0x4)
 *(SORT_NONE(.init))
 .init          0x00000000       0xa0 /tmp/cc8VBaGt.ltrans0.ltrans.o
                0x00000000                InterruptVectorDefault
                0x00000000                InterruptVector
                0x000000a0                        . = ALIGN (0x4)
                0x000000a0                        _einit = .

.highcodelalign
                0x000000a0        0x0
                0x000000a0                        . = ALIGN (0x4)
                0x000000a0                        PROVIDE (_highcode_lma = .)

.highcode       0x20000000     0x159c load address 0x000000a0
                0x20000000                        . = ALIGN (0x4)
                0x20000000                        PROVIDE (_highcode_vma_start = .)
 *(.highcode*)
 .highcode      0x20000000     0x159a /tmp/cc8VBaGt.ltrans0.ltrans.o
                0x20000000                blink
                0x2000007c                HandleDataOut
                0x20000278                NFC_IRQHandler
                0x200003f4                nfca_pcd_lpcd_check
                0x20000582                ISO14443_CRCA
                0x200005ca                ISO14443AAppendCRCA
                0x20000626                ISO14443ACheckOddParityBit
                0x20000658                ISO14443ACalOddParityBit
                0x20000680                PcdReq
                0x20000aaa                process_usb_packet
                0x20000aba                send_heartbeat_if_free
                0x20000ae0                card_interaction
                0x20000e92                main_task_loop
                0x2000159c                        . = ALIGN (0x4)
 *fill*         0x2000159a        0x2 
                0x2000159c                        PROVIDE (_highcode_vma_end = .)

.text           0x0000163c     0x16f8
                0x0000163c                        . = ALIGN (0x4)
 *(.text)
 *(.text.*)
 .text.DelaySysTick
                0x0000163c       0x16 /tmp/cc8VBaGt.ltrans0.ltrans.o
 .text.USBFS_InternalFinishSetup
                0x00001652       0x82 /tmp/cc8VBaGt.ltrans0.ltrans.o
 .text.sk6812_send_bit_0
                0x000016d4       0x6a /tmp/cc8VBaGt.ltrans0.ltrans.o
 .text.sk6812_send_bit_1
                0x0000173e       0x6a /tmp/cc8VBaGt.ltrans0.ltrans.o
 .text.sk6812_send_byte
                0x000017a8       0x30 /tmp/cc8VBaGt.ltrans0.ltrans.o
 .text.nfca_rx_finalize_from_hw
                0x000017d8       0x58 /tmp/cc8VBaGt.ltrans0.ltrans.o
 .text.usb_rx_reset_assembly
                0x00001830       0x16 /tmp/cc8VBaGt.ltrans0.ltrans.o
 .text.nfca_pcd_start
                0x00001846       0x30 /tmp/cc8VBaGt.ltrans0.ltrans.o
 .text.nfca_pcd_wait_comm_end
                0x00001876       0xe0 /tmp/cc8VBaGt.ltrans0.ltrans.o
 .text.nfca_pcd_comm.part.0.constprop.0
                0x00001956      0x156 /tmp/cc8VBaGt.ltrans0.ltrans.o
 .text.sk6812_set_grbw.constprop.0
                0x00001aac       0x5c /tmp/cc8VBaGt.ltrans0.ltrans.o
 .text.audio_init
                0x00001b08       0x8a /tmp/cc8VBaGt.ltrans0.ltrans.o
 .text.handle_reset
                0x00001b92       0xb0 /tmp/cc8VBaGt.ltrans0.ltrans.o
                0x00001b92                handle_reset
 .text.vector_handler
                0x00001c42      0x4ba /tmp/cc8VBaGt.ltrans0.ltrans.o
                0x00001c42                EXTI2_IRQHandler
                0x00001c42                TIM8_TRG_COM_IRQHandler
                0x00001c42                TIM8_CC_IRQHandler
                0x00001c42                USART_WKUP_IRQHandler
                0x00001c42                UART8_IRQHandler
                0x00001c42                SPI4_IRQHandler
                0x00001c42                DFSDM0_IRQHandler
                0x00001c42                TIM1_CC_IRQHandler
                0x00001c42                HardFault_Handler
                0x00001c42                TIM10_IRQHandler
                0x00001c42                IPC_CH2_Handler
                0x00001c42                USBPD_IRQHandler
                0x00001c42                TIM6_IRQHandler
                0x00001c42                GPIOA_IRQHandler
                0x00001c42                SysTick_Handler
                0x00001c42                CAN3_RX1_IRQHandler
                0x00001c42                I3C_ER_IRQHandler
                0x00001c42                PVD_IRQHandler
                0x00001c42                SDIO_IRQHandler
                0x00001c42                TIM9_BRK_IRQHandler
                0x00001c42                DMA2_Channel8_IRQHandler
                0x00001c42                NMI_Handler
                0x00001c42                CAN2_RX1_IRQHandler
                0x00001c42                EXTI3_IRQHandler
                0x00001c42                HSEM_Handler
                0x00001c42                UART1_IRQHandler
                0x00001c42                USBHS_IRQHandler
                0x00001c42                LPTIM2_IRQHandler
                0x00001c42                DMA2_Channel9_IRQHandler
                0x00001c42                TIM10_CC_IRQHandler
                0x00001c42                EXTI25_16_IRQHandler
                0x00001c42                I2C3_ER_IRQHandler
                0x00001c42                USBFS_IRQHandler
                0x00001c42                UART0_IRQHandler
                0x00001c42                USART8_IRQHandler
                0x00001c42                EXTI0_IRQHandler
                0x00001c42                I2C2_EV_IRQHandler
                0x00001c42                TIM10_TRG_COM_IRQHandler
                0x00001c42                LPTIM_IRQHandler
                0x00001c42                CAN1_RX0_IRQHandler
                0x00001c42                CAN3_SCE_IRQHandler
                0x00001c42                CAN2_SCE_IRQHandler
                0x00001c42                ADC1_2_IRQHandler
                0x00001c42                BB_IRQHandler
                0x00001c42                Break_Point_Handler
                0x00001c42                IPC_CH0_Handler
                0x00001c42                TIM2_CC_IRQHandler
                0x00001c42                SPI1_IRQHandler
                0x00001c42                USART5_IRQHandler
                0x00001c42                TAMPER_IRQHandler
                0x00001c42                TMR0_IRQHandler
                0x00001c42                AWU_IRQHandler
                0x00001c42                EXTI7_0_IRQHandler
                0x00001c42                CAN2_RX0_IRQHandler
                0x00001c42                OSCWakeUp_IRQHandler
                0x00001c42                TIM8_UP_IRQHandler
                0x00001c42                Ecall_M_Mode_Handler
                0x00001c42                ECDC_IRQHandler
                0x00001c42                SDMMC_IRQHandler
                0x00001c42                USART7_IRQHandler
                0x00001c42                DMA2_Channel2_IRQHandler
                0x00001c42                DMA1_Channel4_IRQHandler
                0x00001c42                ADC1_IRQHandler
                0x00001c42                TIM2_BRK_IRQHandler
                0x00001c42                USART6_IRQHandler
                0x00001c42                CAN3_RX0_IRQHandler
                0x00001c42                HSADC_IRQHandler
                0x00001c42                TIM9_UP_IRQHandler
                0x00001c42                USART3_IRQHandler
                0x00001c42                RTC_IRQHandler
                0x00001c42                DMA1_Channel7_IRQHandler
                0x00001c42                LED_IRQHandler
                0x00001c42                CAN1_RX1_IRQHandler
                0x00001c42                DVP_IRQHandler
                0x00001c42                UART5_IRQHandler
                0x00001c42                USBSS_IRQHandler
                0x00001c42                SWPMI_IRQHandler
                0x00001c42                USBPDWakeUp_IRQHandler
                0x00001c42                EXTI15_8_IRQHandler
                0x00001c42                TIM4_IRQHandler
                0x00001c42                DMA2_Channel1_IRQHandler
                0x00001c42                SWPMI_WKUP_IRQHandler
                0x00001c42                USBPD_WKUP_IRQHandler
                0x00001c42                I2C1_EV_IRQHandler
                0x00001c42                USBSSWakeup_IRQHandler
                0x00001c42                UART2_IRQHandler
                0x00001c42                USART4_IRQHandler
                0x00001c42                PWMX_IRQHandler
                0x00001c42                DMA1_Channel6_IRQHandler
                0x00001c42                UART4_IRQHandler
                0x00001c42                DMA2_Channel4_IRQHandler
                0x00001c42                TIM3_IRQHandler
                0x00001c42                RCC_IRQHandler
                0x00001c42                TIM1_TRG_COM_IRQHandler
                0x00001c42                DMA1_Channel1_IRQHandler
                0x00001c42                DMA2_Channel7_IRQHandler
                0x00001c42                QSPI1_IRQHandler
                0x00001c42                EXTI15_10_IRQHandler
                0x00001c42                ADC_IRQHandler
                0x00001c42                IPC_CH3_Handler
                0x00001c42                DMA1_Channel8_IRQHandler
                0x00001c42                I3C_EV_IRQHandler
                0x00001c42                TMR2_IRQHandler
                0x00001c42                I3C_WKUP_IRQHandler
                0x00001c42                DefaultIRQHandler
                0x00001c42                TIM12_IRQHandler
                0x00001c42                TIM7_IRQHandler
                0x00001c42                CAN2_TX_IRQHandler
                0x00001c42                TIM5_IRQHandler
                0x00001c42                I2C3_EV_IRQHandler
                0x00001c42                EXTI9_5_IRQHandler
                0x00001c42                PIOC_IRQHandler
                0x00001c42                TIM9_IRQHandler
                0x00001c42                LTDC_IRQHandler
                0x00001c42                SAI_IRQHandler
                0x00001c42                SPI2_IRQHandler
                0x00001c42                OSC32KCal_IRQHandler
                0x00001c42                IPC_CH1_Handler
                0x00001c42                I2C_IRQHandler
                0x00001c42                LPTIM1_WKUP_IRQHandler
                0x00001c42                TIM10_BRK_IRQHandler
                0x00001c42                TIM9_CC_IRQHandler
                0x00001c42                CAN1_TX_IRQHandler
                0x00001c42                DMA2_Channel5_IRQHandler
                0x00001c42                USB2_IRQHandler
                0x00001c42                USBHSWakeUp_IRQHandler
                0x00001c42                DMA1_Channel5_IRQHandler
                0x00001c42                EXTI4_IRQHandler
                0x00001c42                USB_LP_CAN1_RX0_IRQHandler
                0x00001c42                QSPI2_IRQHandler
                0x00001c42                RNG_IRQHandler
                0x00001c42                USB_HP_CAN1_TX_IRQHandler
                0x00001c42                LLE_IRQHandler
                0x00001c42                CMPWakeUp_IRQHandler
                0x00001c42                DMA1_Channel3_IRQHandler
                0x00001c42                FSMC_IRQHandler
                0x00001c42                ETH_IRQHandler
                0x00001c42                TIM1_UP_IRQHandler
                0x00001c42                LPTIMWakeUp_IRQHandler
                0x00001c42                WWDG_IRQHandler
                0x00001c42                USBHSWakeup_IRQHandler
                0x00001c42                DMA2_Channel11_IRQHandler
                0x00001c42                WDOG_BAT_IRQHandler
                0x00001c42                Ecall_U_Mode_Handler
                0x00001c42                I2C4_EV_IRQHandler
                0x00001c42                CAN3_TX_IRQHandler
                0x00001c42                TMR3_IRQHandler
                0x00001c42                DMA2_Channel6_IRQHandler
                0x00001c42                TIM2_IRQHandler
                0x00001c42                SW_Handler
                0x00001c42                TIM1_BRK_IRQHandler
                0x00001c42                GPHA_IRQHandler
                0x00001c42                OPA_IRQHandler
                0x00001c42                DMA2_Channel10_IRQHandler
                0x00001c42                EXTI1_IRQHandler
                0x00001c42                SPI0_IRQHandler
                0x00001c42                USB2_HOST_IRQHandler
                0x00001c42                LPTIM2_WKUP_IRQHandler
                0x00001c42                RTCAlarm_IRQHandler
                0x00001c42                TIM11_IRQHandler
                0x00001c42                TIM10_UP_IRQHandler
                0x00001c42                TIM9_TRG_COM_IRQHandler
                0x00001c42                UART7_IRQHandler
                0x00001c42                USART2_IRQHandler
                0x00001c42                UART6_IRQHandler
                0x00001c42                UHSIF_IRQHandler
                0x00001c42                ETHWakeUp_IRQHandler
                0x00001c42                I2C2_ER_IRQHandler
                0x00001c42                DMA1_Channel2_IRQHandler
                0x00001c42                TIM8_BRK_IRQHandler
                0x00001c42                TIM2_TRG_IRQHandler
                0x00001c42                CAN1_SCE_IRQHandler
                0x00001c42                FLASH_IRQHandler
                0x00001c42                USBFSWakeUp_IRQHandler
                0x00001c42                USART1_IRQHandler
                0x00001c42                OTG_FS_IRQHandler
                0x00001c42                SPI3_IRQHandler
                0x00001c42                USBFS_WakeUp_IRQHandler
                0x00001c42                UART3_IRQHandler
                0x00001c42                I2C1_ER_IRQHandler
                0x00001c42                FMC_IRQHandler
                0x00001c42                USB2_DEVICE_IRQHandler
                0x00001c42                LPTIM1_IRQHandler
                0x00001c42                DFSDM1_IRQHandler
                0x00001c42                TMR1_IRQHandler
                0x00001c42                I2C4_ER_IRQHandler
                0x00001c42                SERDES_IRQHandler
                0x00001c42                USBSS_LINK_IRQHandler
                0x00001c42                USBWakeUp_IRQHandler
                0x00001c42                DMA2_Channel3_IRQHandler
 .text.memset   0x000020fc       0x12 /tmp/cc8VBaGt.ltrans0.ltrans.o
                0x000020fc                memset
 .text.memcpy   0x0000210e       0x1c /tmp/cc8VBaGt.ltrans0.ltrans.o
                0x0000210e                memcpy
 .text.USBFS_SendEndpointNEW.constprop.0.isra.0
                0x0000212a       0x7a /tmp/cc8VBaGt.ltrans0.ltrans.o
 .text.usb_tx_pump
                0x000021a4       0xa6 /tmp/cc8VBaGt.ltrans0.ltrans.o
 .text.usb_tx_queue_message.isra.0
                0x0000224a       0x42 /tmp/cc8VBaGt.ltrans0.ltrans.o
 .text.usb_send_ntag_done_packet
                0x0000228c       0x24 /tmp/cc8VBaGt.ltrans0.ltrans.o
 .text.SystemInit
                0x000022b0       0x60 /tmp/cc8VBaGt.ltrans0.ltrans.o
                0x000022b0                SystemInit
 .text.GPIOB_IRQHandler
                0x00002310        0x4 /tmp/cc8VBaGt.ltrans0.ltrans.o
 .text.startup.main
                0x00002314      0x398 /tmp/cc8VBaGt.ltrans0.ltrans.o
                0x00002314                main
 .text.__udivdi3
                0x000026ac      0x35e /usr/lib/gcc/riscv64-unknown-elf/13.2.0/rv32imac/ilp32/libgcc.a(_udivdi3.o)
                0x000026ac                __udivdi3
 *(.rodata)
 *fill*         0x00002a0a        0x2 
 .rodata        0x00002a0c       0x30 /tmp/cc8VBaGt.ltrans0.ltrans.o
 *(.rodata*)
 .rodata.vector_handler
                0x00002a3c       0x30 /tmp/cc8VBaGt.ltrans0.ltrans.o
 .rodata.str1.4
                0x00002a6c       0x19 /tmp/cc8VBaGt.ltrans0.ltrans.o
                                  0xb (size before relaxing)
 .rodata.main.str1.4
                0x00002a85        0xd /tmp/cc8VBaGt.ltrans0.ltrans.o
 *fill*         0x00002a85        0x3 
 .rodata.config_descriptor
                0x00002a88       0x20 /tmp/cc8VBaGt.ltrans0.ltrans.o
 .rodata.device_descriptor
                0x00002aa8       0x12 /tmp/cc8VBaGt.ltrans0.ltrans.o
 *fill*         0x00002aba        0x2 
 .rodata.g_tag_cue
                0x00002abc       0x10 /tmp/cc8VBaGt.ltrans0.ltrans.o
 .rodata.g_sine32
                0x00002acc       0x20 /tmp/cc8VBaGt.ltrans0.ltrans.o
 .rodata.byteParityBitsTable
                0x00002aec      0x100 /tmp/cc8VBaGt.ltrans0.ltrans.o
 .rodata.descriptor_list
                0x00002bec       0x48 /tmp/cc8VBaGt.ltrans0.ltrans.o
 .rodata.__clz_tab
                0x00002c34      0x100 /usr/lib/gcc/riscv64-unknown-elf/13.2.0/rv32imac/ilp32/libgcc.a(_clz.o)
                0x00002c34                __clz_tab
 *(.gnu.linkonce.t.*)
                0x00002d34                        . = ALIGN (0x4)

.rela.dyn       0x00002d34        0x0
 .rela.text.handle_reset
                0x00002d34        0x0 /tmp/cc8VBaGt.ltrans0.ltrans.o

.fini           0x00002d34        0x0
 *(SORT_NONE(.fini))
                0x00002d34                        . = ALIGN (0x4)
                [!provide]                        PROVIDE (_etext = .)
                [!provide]                        PROVIDE (_eitcm = .)

.preinit_array  0x00002d34        0x0
                [!provide]                        PROVIDE (__preinit_array_start = .)
 *(.preinit_array)
                [!provide]                        PROVIDE (__preinit_array_end = .)

.init_array     0x00002d34        0x0
                [!provide]                        PROVIDE (__init_array_start = .)
 *(SORT_BY_INIT_PRIORITY(.init_array.*) SORT_BY_INIT_PRIORITY(.ctors.*))
 *(.init_array EXCLUDE_FILE(*crtend?.o *crtend.o *crtbegin?.o *crtbegin.o) .ctors)
                [!provide]                        PROVIDE (__init_array_end = .)

.fini_array     0x00002d34        0x0
                [!provide]                        PROVIDE (__fini_array_start = .)
 *(SORT_BY_INIT_PRIORITY(.fini_array.*) SORT_BY_INIT_PRIORITY(.dtors.*))
 *(.fini_array EXCLUDE_FILE(*crtend?.o *crtend.o *crtbegin?.o *crtbegin.o) .dtors)
                [!provide]                        PROVIDE (__fini_array_end = .)

.ctors
 *crtbegin.o(.ctors)
 *crtbegin?.o(.ctors)
 *(EXCLUDE_FILE(*crtend?.o *crtend.o) .ctors)
 *(SORT_BY_NAME(.ctors.*))
 *(.ctors)

.dtors
 *crtbegin.o(.dtors)
 *crtbegin?.o(.dtors)
 *(EXCLUDE_FILE(*crtend?.o *crtend.o) .dtors)
 *(SORT_BY_NAME(.dtors.*))
 *(.dtors)

.dalign         0x2000159c        0x0 load address 0x00002d34
                0x2000159c                        . = ALIGN (0x4)
                0x2000159c                        PROVIDE (_data_vma = .)

.dlalign        0x00002d34        0x0
                0x00002d34                        . = ALIGN (0x4)
                0x00002d34                        PROVIDE (_data_lma = .)

.data           0x2000159c        0xc load address 0x00002d34
                0x2000159c                        . = ALIGN (0x4)
                0x20001998                        __global_pointer$ = (. + 0x3fc)
 *(.gnu.linkonce.r.*)
 *(.data .data.*)
 *(.gnu.linkonce.d.*)
                0x200015a0                        . = ALIGN (0x8)
 *fill*         0x2000159c        0x4 
 *(.sdata .sdata.*)
 .sdata.g_nfca_pcd_rx_crc_enable
                0x200015a0        0x1 /tmp/cc8VBaGt.ltrans0.ltrans.o
 .sdata.apdu_iblock_number
                0x200015a1        0x1 /tmp/cc8VBaGt.ltrans0.ltrans.o
 .sdata.g_nfca_pcd_crcerr_is_fatal
                0x200015a2        0x1 /tmp/cc8VBaGt.ltrans0.ltrans.o
 .sdata.g_nfca_pcd_rx_status_reg
                0x200015a3        0x1 /tmp/cc8VBaGt.ltrans0.ltrans.o
 *(.sdata2*)
 *(.gnu.linkonce.s.*)
                0x200015a8                        . = ALIGN (0x8)
 *fill*         0x200015a4        0x4 
 *(.srodata.cst16)
 *(.srodata.cst8)
 *(.srodata.cst4)
 *(.srodata.cst2)
 *(.srodata .srodata.*)
                0x200015a8                        . = ALIGN (0x4)
                0x200015a8                        PROVIDE (_edata = .)

.bss            0x200015a8      0xe2c load address 0x00002d40
                0x200015a8                        . = ALIGN (0x4)
                0x200015a8                        PROVIDE (_sbss = .)
 *(.sbss*)
 .sbss.g_last_ntag_version
                0x200015a8        0x8 /tmp/cc8VBaGt.ltrans0.ltrans.o
 .sbss.gs_lpcd_adc_base_value
                0x200015b0        0x2 /tmp/cc8VBaGt.ltrans0.ltrans.o
 .sbss.g_nfca_pcd_buf_offset
                0x200015b2        0x1 /tmp/cc8VBaGt.ltrans0.ltrans.o
 .sbss.g_nfca_pcd_crcerr_seen
                0x200015b3        0x1 /tmp/cc8VBaGt.ltrans0.ltrans.o
 .sbss.g_nfca_pcd_intf_mode
                0x200015b4        0x1 /tmp/cc8VBaGt.ltrans0.ltrans.o
 *fill*         0x200015b5        0x1 
 .sbss.g_nfca_pcd_send_total_bytes
                0x200015b6        0x2 /tmp/cc8VBaGt.ltrans0.ltrans.o
 .sbss.g_nfca_pcd_send_fifo_bytes
                0x200015b8        0x2 /tmp/cc8VBaGt.ltrans0.ltrans.o
 .sbss.g_nfca_pcd_comm_status
                0x200015ba        0x1 /tmp/cc8VBaGt.ltrans0.ltrans.o
 *fill*         0x200015bb        0x1 
 .sbss.g_usb_tx_off
                0x200015bc        0x2 /tmp/cc8VBaGt.ltrans0.ltrans.o
 .sbss.g_usb_tx_len
                0x200015be        0x2 /tmp/cc8VBaGt.ltrans0.ltrans.o
 .sbss.g_nfca_pcd_recv_word_idx
                0x200015c0        0x2 /tmp/cc8VBaGt.ltrans0.ltrans.o
 *fill*         0x200015c2        0x2 
 .sbss.g_nfca_pcd_recv_bits
                0x200015c4        0x4 /tmp/cc8VBaGt.ltrans0.ltrans.o
 .sbss.g_audio_pwm_initialized
                0x200015c8        0x1 /tmp/cc8VBaGt.ltrans0.ltrans.o
 *fill*         0x200015c9        0x1 
 .sbss.g_usb_rx_received
                0x200015ca        0x2 /tmp/cc8VBaGt.ltrans0.ltrans.o
 .sbss.g_usb_rx_expected
                0x200015cc        0x2 /tmp/cc8VBaGt.ltrans0.ltrans.o
 .sbss.g_usb_rx_len_tmp1
                0x200015ce        0x1 /tmp/cc8VBaGt.ltrans0.ltrans.o
 .sbss.g_usb_rx_len_tmp0
                0x200015cf        0x1 /tmp/cc8VBaGt.ltrans0.ltrans.o
 .sbss.g_usb_rx_len_bytes
                0x200015d0        0x1 /tmp/cc8VBaGt.ltrans0.ltrans.o
 *(.gnu.linkonce.sb.*)
 *(.bss*)
 *fill*         0x200015d1        0x3 
 .bss.gs_picc_uid
                0x200015d4        0xa /tmp/cc8VBaGt.ltrans0.ltrans.o
 *fill*         0x200015de        0x2 
 .bss.g_nfca_pcd_recv_buf_chain
                0x200015e0      0x400 /tmp/cc8VBaGt.ltrans0.ltrans.o
 .bss.g_nfca_pcd_send_buf
                0x200019e0      0x100 /tmp/cc8VBaGt.ltrans0.ltrans.o
 .bss.gs_lpcd_adc_filter_buf
                0x20001ae0       0x10 /tmp/cc8VBaGt.ltrans0.ltrans.o
 .bss.g_nfca_parity_buf
                0x20001af0      0x100 /tmp/cc8VBaGt.ltrans0.ltrans.o
 .bss.g_nfca_pcd_recv_buf
                0x20001bf0      0x100 /tmp/cc8VBaGt.ltrans0.ltrans.o
 .bss.g_usb_tx_buf
                0x20001cf0      0x200 /tmp/cc8VBaGt.ltrans0.ltrans.o
 .bss.gs_nfca_data_buf
                0x20001ef0      0x200 /tmp/cc8VBaGt.ltrans0.ltrans.o
 .bss.gs_usb_data_buf
                0x200020f0      0x200 /tmp/cc8VBaGt.ltrans0.ltrans.o
 .bss.USBFSCTX  0x200022f0       0xe4 /tmp/cc8VBaGt.ltrans0.ltrans.o
 *(.gnu.linkonce.b.*)
 *(COMMON*)
                0x200023d4                        . = ALIGN (0x4)
                0x200023d4                        PROVIDE (_ebss = .)
                [!provide]                        PROVIDE (_end = _ebss)
                [!provide]                        PROVIDE (end = .)
                0x20020000                        PROVIDE (_eusrstack = (ORIGIN (RAM) + LENGTH (RAM)))

/DISCARD/
 *(.note .note.*)
 *(.eh_frame .eh_frame.*)
 *(.comment .comment.*)
 *(.ARM.extab* .gnu.linkonce.armextab.*)
 *(.ARM.exidx*)
OUTPUT(ch585_grand_finale.elf elf32-littleriscv)

.riscv.attributes
                0x00000000       0x41
 .riscv.attributes
                0x00000000       0x41 /tmp/cc8VBaGt.ltrans0.ltrans.o
 .riscv.attributes
                0x00000041       0x34 /usr/lib/gcc/riscv64-unknown-elf/13.2.0/rv32imac/ilp32/libgcc.a(_udivdi3.o)
 .riscv.attributes
                0x00000075       0x34 /usr/lib/gcc/riscv64-unknown-elf/13.2.0/rv32imac/ilp32/libgcc.a(_clz.o)

.debug_info     0x00000000     0x6953
 .debug_info    0x00000000     0x315e /tmp/cc8VBaGt.ltrans0.ltrans.o
 .debug_info    0x0000315e      0xd76 /tmp/ccdXH6ZD.debug.temp.o
                0x0000315e                ch32fun.c.2d7945c9
 .debug_info    0x00003ed4     0x2246 /tmp/ccn4CDmV.debug.temp.o
                0x00003ed4                ch585_grand_finale.c.d7b4b111
 .debug_info    0x0000611a      0x761 /usr/lib/gcc/riscv64-unknown-elf/13.2.0/rv32imac/ilp32/libgcc.a(_udivdi3.o)
 .debug_info    0x0000687b       0xd8 /usr/lib/gcc/riscv64-unknown-elf/13.2.0/rv32imac/ilp32/libgcc.a(_clz.o)

.debug_abbrev   0x00000000      0xa83
 .debug_abbrev  0x00000000      0x1c9 /tmp/cc8VBaGt.ltrans0.ltrans.o
 .debug_abbrev  0x000001c9      0x2b1 /tmp/ccdXH6ZD.debug.temp.o
 .debug_abbrev  0x0000047a      0x3f3 /tmp/ccn4CDmV.debug.temp.o
 .debug_abbrev  0x0000086d      0x1a6 /usr/lib/gcc/riscv64-unknown-elf/13.2.0/rv32imac/ilp32/libgcc.a(_udivdi3.o)
 .debug_abbrev  0x00000a13       0x70 /usr/lib/gcc/riscv64-unknown-elf/13.2.0/rv32imac/ilp32/libgcc.a(_clz.o)

.debug_loclists
                0x00000000     0x38d5
 .debug_loclists
                0x00000000     0x318d /tmp/cc8VBaGt.ltrans0.ltrans.o
 .debug_loclists
                0x0000318d      0x748 /usr/lib/gcc/riscv64-unknown-elf/13.2.0/rv32imac/ilp32/libgcc.a(_udivdi3.o)

.debug_aranges  0x00000000      0x250
 .debug_aranges
                0x00000000      0x218 /tmp/cc8VBaGt.ltrans0.ltrans.o
 .debug_aranges
                0x00000218       0x20 /usr/lib/gcc/riscv64-unknown-elf/13.2.0/rv32imac/ilp32/libgcc.a(_udivdi3.o)
 .debug_aranges
                0x00000238       0x18 /usr/lib/gcc/riscv64-unknown-elf/13.2.0/rv32imac/ilp32/libgcc.a(_clz.o)

.debug_rnglists
                0x00000000      0x930
 .debug_rnglists
                0x00000000      0x881 /tmp/cc8VBaGt.ltrans0.ltrans.o
 .debug_rnglists
                0x00000881       0xaf /usr/lib/gcc/riscv64-unknown-elf/13.2.0/rv32imac/ilp32/libgcc.a(_udivdi3.o)

.debug_line     0x00000000     0x808a
 .debug_line    0x00000000     0x7650 /tmp/cc8VBaGt.ltrans0.ltrans.o
 .debug_line    0x00007650       0x76 /tmp/ccdXH6ZD.debug.temp.o
 .debug_line    0x000076c6       0x80 /tmp/ccn4CDmV.debug.temp.o
 .debug_line    0x00007746      0x905 /usr/lib/gcc/riscv64-unknown-elf/13.2.0/rv32imac/ilp32/libgcc.a(_udivdi3.o)
 .debug_line    0x0000804b       0x3f /usr/lib/gcc/riscv64-unknown-elf/13.2.0/rv32imac/ilp32/libgcc.a(_clz.o)

.debug_str      0x00000000     0x22d1
 .debug_str     0x00000000     0x22d1 /tmp/cc8VBaGt.ltrans0.ltrans.o
                                0x1a7 (size before relaxing)
 .debug_str     0x000022d1      0x799 /tmp/ccdXH6ZD.debug.temp.o
 .debug_str     0x000022d1     0x1b67 /tmp/ccn4CDmV.debug.temp.o
 .debug_str     0x000022d1      0x264 /usr/lib/gcc/riscv64-unknown-elf/13.2.0/rv32imac/ilp32/libgcc.a(_udivdi3.o)
 .debug_str     0x000022d1      0x1b1 /usr/lib/gcc/riscv64-unknown-elf/13.2.0/rv32imac/ilp32/libgcc.a(_clz.o)

.debug_line_str
                0x00000000      0x303
 .debug_line_str
                0x00000000      0x303 /tmp/cc8VBaGt.ltrans0.ltrans.o
                                0x133 (size before relaxing)
 .debug_line_str
                0x00000303      0x18a /tmp/ccdXH6ZD.debug.temp.o
 .debug_line_str
                0x00000303      0x19b /tmp/ccn4CDmV.debug.temp.o
 .debug_line_str
                0x00000303      0x180 /usr/lib/gcc/riscv64-unknown-elf/13.2.0/rv32imac/ilp32/libgcc.a(_udivdi3.o)
 .debug_line_str
                0x00000303      0x180 /usr/lib/gcc/riscv64-unknown-elf/13.2.0/rv32imac/ilp32/libgcc.a(_clz.o)

.debug_frame    0x00000000      0x7f8
 .debug_frame   0x00000000      0x7f8 /tmp/cc8VBaGt.ltrans0.ltrans.o
